Submit the initial data path:
Menú principal:
1. Introduir jugador
2. Moure vehicle
3. Executar tick
4. Mostrar situació de la carrera
5. Para l'àudio, si us plau!
0. Sortir
Menú principal:
1. Introduir jugador
2. Moure vehicle
3. Executar tick
4. Mostrar situació de la carrera
0. Sortir
Entra el nom del jugador
SELECCIONAT // 1. willy: The fear of girls
SELECCIONAT // 2. nani: The fear of watatata
SELECCIONAT // 3. jordiconda: The fear of fat
SELECCIONAT // 4. pafefo: The fear of Sergi Roberto
SELECCIONAT // 5. uri_sis: The fear of Uri
6. kairo: The fear of KairoMart
7. toast: The fear of Mushrooms
8. paperdewater: The fear of Frxas
Entra L'ÍNDEX del personatge (que no s'hagi escollit)
SELECCIONAT // 1. willy: The fear of girls
SELECCIONAT // 2. nani: The fear of watatata
SELECCIONAT // 3. jordiconda: The fear of fat
SELECCIONAT // 4. pafefo: The fear of Sergi Roberto
SELECCIONAT // 5. uri_sis: The fear of Uri
6. kairo: The fear of KairoMart
7. toast: The fear of Mushrooms
8. paperdewater: The fear of Frxas
Entra L'ÍNDEX del personatge (que no s'hagi escollit)
1. Quadriga
2. Biga
3. Horse
Entra L'ÍNDEX del vehicle
Jugadors inscrits:
1. greixina (willy, Quadriga): 0.0m/s 0.0rad 0.0m(0%)
2. naniol (nani, Biga): 0.0m/s 0.0rad 0.0m(0%)
3. lil_wiltxer (jordiconda, Horse): 0.0m/s 0.0rad 0.0m(0%)
4. diabla_de_tres_colores (pafefo, Quadriga): 0.0m/s 0.0rad 0.0m(0%)
5. uriol (uri_sis, Biga): 0.0m/s 0.0rad 0.0m(0%)
6. jugador_maniqui (kairo, Quadriga): 0.0m/s 0.0rad 0.0m(0%)
Menú principal:
1. Introduir jugador
2. Moure vehicle
3. Executar tick
4. Mostrar situació de la carrera
0. Sortir
1. greixina (willy, Quadriga): 0.0m/s 0.0rad 0.0m(0%)
2. naniol (nani, Biga): 0.0m/s 0.0rad 0.0m(0%)
3. lil_wiltxer (jordiconda, Horse): 0.0m/s 0.0rad 0.0m(0%)
4. diabla_de_tres_colores (pafefo, Quadriga): 0.0m/s 0.0rad 0.0m(0%)
5. uriol (uri_sis, Biga): 0.0m/s 0.0rad 0.0m(0%)
6. jugador_maniqui (kairo, Quadriga): 0.0m/s 0.0rad 0.0m(0%)
Menú principal:
1. Introduir jugador
2. Moure vehicle
3. Executar tick
4. Mostrar situació de la carrera
0. Sortir
1. jugador_maniqui (kairo, Quadriga): 0.0m/s 0.0rad 0.0m(0%)
2. uriol (uri_sis, Biga): 0.0m/s 0.0rad 0.0m(0%)
3. diabla_de_tres_colores (pafefo, Quadriga): 0.0m/s 0.0rad 0.0m(0%)
4. lil_wiltxer (jordiconda, Horse): 0.0m/s 0.0rad 0.0m(0%)
5. naniol (nani, Biga): 0.0m/s 0.0rad 0.0m(0%)
6. greixina (willy, Quadriga): 0.0m/s 0.0rad 0.0m(0%)
Menú principal:
1. Introduir jugador
2. Moure vehicle
3. Executar tick
4. Mostrar situació de la carrera
0. Sortir

Process finished with exit code 0
