Submit the initial data path:
Menú principal:
1. Introduir jugador
2. Moure vehicle
3. Executar tick
4. Mostrar situació de la carrera
5. Para l'àudio, si us plau!
0. Sortir
Menú principal:
1. Introduir jugador
2. Moure vehicle
3. Executar tick
4. Mostrar situació de la carrera
0. Sortir
Entra L'ÍNDEX del jugador
1. greixina (willy, Quadriga): 0.0m/s 0.0rad 0.0m(0%)
2. naniol (nani, Biga): 0.0m/s 0.0rad 0.0m(0%)
3. lil_wiltxer (jordiconda, Horse): 0.0m/s 0.0rad 0.0m(0%)
4. diabla_de_tres_colores (pafefo, Quadriga): 0.0m/s 0.0rad 0.0m(0%)
5. uriol (uri_sis, Biga): 0.0m/s 0.0rad 0.0m(0%)
Què vols fer? (Entra el número)
1. Accelerar
2. Girar
Entra el factor del moviment (entre -1 i 1)
Moviment programat, no s'aplicarà fins que es cridi la opció 3!
Menú principal:
1. Introduir jugador
2. Moure vehicle
3. Executar tick
4. Mostrar situació de la carrera
0. Sortir
1. greixina (willy, Quadriga): 121.5m/s 0.0rad 98.41499m(0%)
2. uriol (uri_sis, Biga): 0.0m/s 0.0rad 0.0m(0%)
3. diabla_de_tres_colores (pafefo, Quadriga): 0.0m/s 0.0rad 0.0m(0%)
4. lil_wiltxer (jordiconda, Horse): 0.0m/s 0.0rad 0.0m(0%)
5. naniol (nani, Biga): 0.0m/s 0.0rad 0.0m(0%)
Menú principal:
1. Introduir jugador
2. Moure vehicle
3. Executar tick
4. Mostrar situació de la carrera
0. Sortir
1. greixina (willy, Quadriga): 121.5m/s 0.0rad 196.82999m(1%)
2. naniol (nani, Biga): 0.0m/s 0.0rad 0.0m(0%)
3. lil_wiltxer (jordiconda, Horse): 0.0m/s 0.0rad 0.0m(0%)
4. diabla_de_tres_colores (pafefo, Quadriga): 0.0m/s 0.0rad 0.0m(0%)
5. uriol (uri_sis, Biga): 0.0m/s 0.0rad 0.0m(0%)
Menú principal:
1. Introduir jugador
2. Moure vehicle
3. Executar tick
4. Mostrar situació de la carrera
0. Sortir
Entra L'ÍNDEX del jugador
1. greixina (willy, Quadriga): 121.5m/s 0.0rad 196.82999m(1%)
2. naniol (nani, Biga): 0.0m/s 0.0rad 0.0m(0%)
3. lil_wiltxer (jordiconda, Horse): 0.0m/s 0.0rad 0.0m(0%)
4. diabla_de_tres_colores (pafefo, Quadriga): 0.0m/s 0.0rad 0.0m(0%)
5. uriol (uri_sis, Biga): 0.0m/s 0.0rad 0.0m(0%)
Què vols fer? (Entra el número)
1. Accelerar
2. Girar
Entra el factor del moviment (entre -1 i 1)
Moviment programat, no s'aplicarà fins que es cridi la opció 3!
Menú principal:
1. Introduir jugador
2. Moure vehicle
3. Executar tick
4. Mostrar situació de la carrera
0. Sortir
1. greixina (willy, Quadriga): 243.0m/s 0.0rad 393.65997m(3%)
2. uriol (uri_sis, Biga): 0.0m/s 0.0rad 0.0m(0%)
3. diabla_de_tres_colores (pafefo, Quadriga): 0.0m/s 0.0rad 0.0m(0%)
4. lil_wiltxer (jordiconda, Horse): 0.0m/s 0.0rad 0.0m(0%)
5. naniol (nani, Biga): 0.0m/s 0.0rad 0.0m(0%)
Menú principal:
1. Introduir jugador
2. Moure vehicle
3. Executar tick
4. Mostrar situació de la carrera
0. Sortir
1. greixina (willy, Quadriga): 243.0m/s 0.0rad 590.49m(5%)
2. naniol (nani, Biga): 0.0m/s 0.0rad 0.0m(0%)
3. lil_wiltxer (jordiconda, Horse): 0.0m/s 0.0rad 0.0m(0%)
4. diabla_de_tres_colores (pafefo, Quadriga): 0.0m/s 0.0rad 0.0m(0%)
5. uriol (uri_sis, Biga): 0.0m/s 0.0rad 0.0m(0%)
Menú principal:
1. Introduir jugador
2. Moure vehicle
3. Executar tick
4. Mostrar situació de la carrera
0. Sortir
1. greixina (willy, Quadriga): 243.0m/s 0.0rad 787.31995m(7%)
2. uriol (uri_sis, Biga): 0.0m/s 0.0rad 0.0m(0%)
3. diabla_de_tres_colores (pafefo, Quadriga): 0.0m/s 0.0rad 0.0m(0%)
4. lil_wiltxer (jordiconda, Horse): 0.0m/s 0.0rad 0.0m(0%)
5. naniol (nani, Biga): 0.0m/s 0.0rad 0.0m(0%)
Menú principal:
1. Introduir jugador
2. Moure vehicle
3. Executar tick
4. Mostrar situació de la carrera
0. Sortir
1. greixina (willy, Quadriga): 243.0m/s 0.0rad 984.1499m(9%)
2. naniol (nani, Biga): 0.0m/s 0.0rad 0.0m(0%)
3. lil_wiltxer (jordiconda, Horse): 0.0m/s 0.0rad 0.0m(0%)
4. diabla_de_tres_colores (pafefo, Quadriga): 0.0m/s 0.0rad 0.0m(0%)
5. uriol (uri_sis, Biga): 0.0m/s 0.0rad 0.0m(0%)
Menú principal:
1. Introduir jugador
2. Moure vehicle
3. Executar tick
4. Mostrar situació de la carrera
0. Sortir
1. greixina (willy, Quadriga): 243.0m/s 0.0rad 1180.9799m(11%)
2. uriol (uri_sis, Biga): 0.0m/s 0.0rad 0.0m(0%)
3. diabla_de_tres_colores (pafefo, Quadriga): 0.0m/s 0.0rad 0.0m(0%)
4. lil_wiltxer (jordiconda, Horse): 0.0m/s 0.0rad 0.0m(0%)
5. naniol (nani, Biga): 0.0m/s 0.0rad 0.0m(0%)
Menú principal:
1. Introduir jugador
2. Moure vehicle
3. Executar tick
4. Mostrar situació de la carrera
0. Sortir
1. greixina (willy, Quadriga): 243.0m/s 0.0rad 1377.8098m(13%)
2. naniol (nani, Biga): 0.0m/s 0.0rad 0.0m(0%)
3. lil_wiltxer (jordiconda, Horse): 0.0m/s 0.0rad 0.0m(0%)
4. diabla_de_tres_colores (pafefo, Quadriga): 0.0m/s 0.0rad 0.0m(0%)
5. uriol (uri_sis, Biga): 0.0m/s 0.0rad 0.0m(0%)
Menú principal:
1. Introduir jugador
2. Moure vehicle
3. Executar tick
4. Mostrar situació de la carrera
0. Sortir
1. greixina (willy, Quadriga): 243.0m/s 0.0rad 1574.6398m(15%)
2. uriol (uri_sis, Biga): 0.0m/s 0.0rad 0.0m(0%)
3. diabla_de_tres_colores (pafefo, Quadriga): 0.0m/s 0.0rad 0.0m(0%)
4. lil_wiltxer (jordiconda, Horse): 0.0m/s 0.0rad 0.0m(0%)
5. naniol (nani, Biga): 0.0m/s 0.0rad 0.0m(0%)
Menú principal:
1. Introduir jugador
2. Moure vehicle
3. Executar tick
4. Mostrar situació de la carrera
0. Sortir
1. greixina (willy, Quadriga): 243.0m/s 0.0rad 1771.4697m(17%)
2. naniol (nani, Biga): 0.0m/s 0.0rad 0.0m(0%)
3. lil_wiltxer (jordiconda, Horse): 0.0m/s 0.0rad 0.0m(0%)
4. diabla_de_tres_colores (pafefo, Quadriga): 0.0m/s 0.0rad 0.0m(0%)
5. uriol (uri_sis, Biga): 0.0m/s 0.0rad 0.0m(0%)
Menú principal:
1. Introduir jugador
2. Moure vehicle
3. Executar tick
4. Mostrar situació de la carrera
0. Sortir
1. greixina (willy, Quadriga): 243.0m/s 0.0rad 1968.2997m(19%)
2. uriol (uri_sis, Biga): 0.0m/s 0.0rad 0.0m(0%)
3. diabla_de_tres_colores (pafefo, Quadriga): 0.0m/s 0.0rad 0.0m(0%)
4. lil_wiltxer (jordiconda, Horse): 0.0m/s 0.0rad 0.0m(0%)
5. naniol (nani, Biga): 0.0m/s 0.0rad 0.0m(0%)
Menú principal:
1. Introduir jugador
2. Moure vehicle
3. Executar tick
4. Mostrar situació de la carrera
0. Sortir
1. greixina (willy, Quadriga): 243.0m/s 0.0rad 2165.1296m(21%)
2. naniol (nani, Biga): 0.0m/s 0.0rad 0.0m(0%)
3. lil_wiltxer (jordiconda, Horse): 0.0m/s 0.0rad 0.0m(0%)
4. diabla_de_tres_colores (pafefo, Quadriga): 0.0m/s 0.0rad 0.0m(0%)
5. uriol (uri_sis, Biga): 0.0m/s 0.0rad 0.0m(0%)
Menú principal:
1. Introduir jugador
2. Moure vehicle
3. Executar tick
4. Mostrar situació de la carrera
0. Sortir
1. greixina (willy, Quadriga): 243.0m/s 0.0rad 2361.9597m(23%)
2. uriol (uri_sis, Biga): 0.0m/s 0.0rad 0.0m(0%)
3. diabla_de_tres_colores (pafefo, Quadriga): 0.0m/s 0.0rad 0.0m(0%)
4. lil_wiltxer (jordiconda, Horse): 0.0m/s 0.0rad 0.0m(0%)
5. naniol (nani, Biga): 0.0m/s 0.0rad 0.0m(0%)
Menú principal:
1. Introduir jugador
2. Moure vehicle
3. Executar tick
4. Mostrar situació de la carrera
0. Sortir
1. greixina (willy, Quadriga): 243.0m/s 0.0rad 2558.7898m(25%)
2. naniol (nani, Biga): 0.0m/s 0.0rad 0.0m(0%)
3. lil_wiltxer (jordiconda, Horse): 0.0m/s 0.0rad 0.0m(0%)
4. diabla_de_tres_colores (pafefo, Quadriga): 0.0m/s 0.0rad 0.0m(0%)
5. uriol (uri_sis, Biga): 0.0m/s 0.0rad 0.0m(0%)
Menú principal:
1. Introduir jugador
2. Moure vehicle
3. Executar tick
4. Mostrar situació de la carrera
0. Sortir
1. greixina (willy, Quadriga): 243.0m/s 0.0rad 2755.6199m(27%)
2. uriol (uri_sis, Biga): 0.0m/s 0.0rad 0.0m(0%)
3. diabla_de_tres_colores (pafefo, Quadriga): 0.0m/s 0.0rad 0.0m(0%)
4. lil_wiltxer (jordiconda, Horse): 0.0m/s 0.0rad 0.0m(0%)
5. naniol (nani, Biga): 0.0m/s 0.0rad 0.0m(0%)
Menú principal:
1. Introduir jugador
2. Moure vehicle
3. Executar tick
4. Mostrar situació de la carrera
0. Sortir
1. greixina (willy, Quadriga): 243.0m/s 0.0rad 2952.45m(29%)
2. naniol (nani, Biga): 0.0m/s 0.0rad 0.0m(0%)
3. lil_wiltxer (jordiconda, Horse): 0.0m/s 0.0rad 0.0m(0%)
4. diabla_de_tres_colores (pafefo, Quadriga): 0.0m/s 0.0rad 0.0m(0%)
5. uriol (uri_sis, Biga): 0.0m/s 0.0rad 0.0m(0%)
Menú principal:
1. Introduir jugador
2. Moure vehicle
3. Executar tick
4. Mostrar situació de la carrera
0. Sortir
1. greixina (willy, Quadriga): 243.0m/s 0.0rad 3149.28m(31%)
2. uriol (uri_sis, Biga): 0.0m/s 0.0rad 0.0m(0%)
3. diabla_de_tres_colores (pafefo, Quadriga): 0.0m/s 0.0rad 0.0m(0%)
4. lil_wiltxer (jordiconda, Horse): 0.0m/s 0.0rad 0.0m(0%)
5. naniol (nani, Biga): 0.0m/s 0.0rad 0.0m(0%)
Menú principal:
1. Introduir jugador
2. Moure vehicle
3. Executar tick
4. Mostrar situació de la carrera
0. Sortir
1. greixina (willy, Quadriga): 243.0m/s 0.0rad 3346.11m(33%)
2. naniol (nani, Biga): 0.0m/s 0.0rad 0.0m(0%)
3. lil_wiltxer (jordiconda, Horse): 0.0m/s 0.0rad 0.0m(0%)
4. diabla_de_tres_colores (pafefo, Quadriga): 0.0m/s 0.0rad 0.0m(0%)
5. uriol (uri_sis, Biga): 0.0m/s 0.0rad 0.0m(0%)
Menú principal:
1. Introduir jugador
2. Moure vehicle
3. Executar tick
4. Mostrar situació de la carrera
0. Sortir
1. greixina (willy, Quadriga): 243.0m/s 0.0rad 3542.9402m(35%)
2. uriol (uri_sis, Biga): 0.0m/s 0.0rad 0.0m(0%)
3. diabla_de_tres_colores (pafefo, Quadriga): 0.0m/s 0.0rad 0.0m(0%)
4. lil_wiltxer (jordiconda, Horse): 0.0m/s 0.0rad 0.0m(0%)
5. naniol (nani, Biga): 0.0m/s 0.0rad 0.0m(0%)
Menú principal:
1. Introduir jugador
2. Moure vehicle
3. Executar tick
4. Mostrar situació de la carrera
0. Sortir
1. greixina (willy, Quadriga): 243.0m/s 0.0rad 3739.7703m(37%)
2. naniol (nani, Biga): 0.0m/s 0.0rad 0.0m(0%)
3. lil_wiltxer (jordiconda, Horse): 0.0m/s 0.0rad 0.0m(0%)
4. diabla_de_tres_colores (pafefo, Quadriga): 0.0m/s 0.0rad 0.0m(0%)
5. uriol (uri_sis, Biga): 0.0m/s 0.0rad 0.0m(0%)
Menú principal:
1. Introduir jugador
2. Moure vehicle
3. Executar tick
4. Mostrar situació de la carrera
0. Sortir
1. greixina (willy, Quadriga): 243.0m/s 0.0rad 3936.6003m(39%)
2. uriol (uri_sis, Biga): 0.0m/s 0.0rad 0.0m(0%)
3. diabla_de_tres_colores (pafefo, Quadriga): 0.0m/s 0.0rad 0.0m(0%)
4. lil_wiltxer (jordiconda, Horse): 0.0m/s 0.0rad 0.0m(0%)
5. naniol (nani, Biga): 0.0m/s 0.0rad 0.0m(0%)
Menú principal:
1. Introduir jugador
2. Moure vehicle
3. Executar tick
4. Mostrar situació de la carrera
0. Sortir
1. greixina (willy, Quadriga): 243.0m/s 0.0rad 4133.43m(41%)
2. naniol (nani, Biga): 0.0m/s 0.0rad 0.0m(0%)
3. lil_wiltxer (jordiconda, Horse): 0.0m/s 0.0rad 0.0m(0%)
4. diabla_de_tres_colores (pafefo, Quadriga): 0.0m/s 0.0rad 0.0m(0%)
5. uriol (uri_sis, Biga): 0.0m/s 0.0rad 0.0m(0%)
Menú principal:
1. Introduir jugador
2. Moure vehicle
3. Executar tick
4. Mostrar situació de la carrera
0. Sortir
1. greixina (willy, Quadriga): 243.0m/s 0.0rad 4308.39m(43%)
2. uriol (uri_sis, Biga): 0.0m/s 0.0rad 0.0m(0%)
3. diabla_de_tres_colores (pafefo, Quadriga): 0.0m/s 0.0rad 0.0m(0%)
4. lil_wiltxer (jordiconda, Horse): 0.0m/s 0.0rad 0.0m(0%)
5. naniol (nani, Biga): 0.0m/s 0.0rad 0.0m(0%)
Menú principal:
1. Introduir jugador
2. Moure vehicle
3. Executar tick
4. Mostrar situació de la carrera
0. Sortir

Process finished with exit code 0
